<testsuites name="jest tests" tests="0" failures="0" time="2.573">
</testsuites>